#
# There is insufficient memory for the Java Runtime Environment to continue.
# Native memory allocation (mmap) failed to map 1073741824 bytes for G1 virtual space
# Possible reasons:
#   The system is out of physical RAM or swap space
#   The process is running with CompressedOops enabled, and the Java Heap may be blocking the growth of the native heap
# Possible solutions:
#   Reduce memory load on the system
#   Increase physical memory or swap space
#   Check if swap backing store is full
#   Decrease Java heap size (-Xmx/-Xms)
#   Decrease number of Java threads
#   Decrease Java thread stack sizes (-Xss)
#   Set larger code cache with -XX:ReservedCodeCacheSize=
#   JVM is running with Zero Based Compressed Oops mode in which the Java heap is
#     placed in the first 32GB address space. The Java Heap base address is the
#     maximum limit for the native heap growth. Please use -XX:HeapBaseMinAddress
#     to set the Java Heap base and to place the Java Heap above 32GB virtual address.
# This output file may be truncated or incomplete.
#
#  Out of Memory Error (os_windows.cpp:3825), pid=8872, tid=24828
#
# JRE version:  (17.0.10+8) (build )
# Java VM: OpenJDK 64-Bit Server VM (17.0.10+8-b1207.12, mixed mode, sharing, tiered, compressed oops, compressed class ptrs, g1 gc, windows-amd64)
# No core dump will be written. Minidumps are not enabled by default on client versions of Windows
#

---------------  S U M M A R Y ------------

Command Line: externalApp.nativessh.NativeSshAskPassApp Enter passphrase for key '/c/Users/12741/.ssh/id_rsa': 

Host: 12th Gen Intel(R) Core(TM) i9-12900KF, 24 cores, 63G,  Windows 11 , 64 bit Build 22621 (10.0.22621.4391)
Time: Wed Dec 25 19:35:50 2024  Windows 11 , 64 bit Build 22621 (10.0.22621.4391) elapsed time: 0.108251 seconds (0d 0h 0m 0s)

---------------  T H R E A D  ---------------

Current thread (0x000001945a861470):  JavaThread "Unknown thread" [_thread_in_vm, id=24828, stack(0x0000001613f00000,0x0000001614000000)]

Stack: [0x0000001613f00000,0x0000001614000000]
Native frames: (J=compiled Java code, j=interpreted, Vv=VM code, C=native code)
V  [jvm.dll+0x687989]
V  [jvm.dll+0x84116a]
V  [jvm.dll+0x842dae]
V  [jvm.dll+0x843413]
V  [jvm.dll+0x249ccf]
V  [jvm.dll+0x684759]
V  [jvm.dll+0x67900a]
V  [jvm.dll+0x30ab0b]
V  [jvm.dll+0x311fb6]
V  [jvm.dll+0x361d5e]
V  [jvm.dll+0x361f8f]
V  [jvm.dll+0x2e07f8]
V  [jvm.dll+0x2e1764]
V  [jvm.dll+0x811c31]
V  [jvm.dll+0x36fc11]
V  [jvm.dll+0x7f0666]
V  [jvm.dll+0x3f3daf]
V  [jvm.dll+0x3f5a41]
C  [jli.dll+0x528f]
C  [ucrtbase.dll+0x29333]
C  [KERNEL32.DLL+0x1259d]
C  [ntdll.dll+0x5af38]


---------------  P R O C E S S  ---------------

Threads class SMR info:
_java_thread_list=0x00007fff7afcdf58, length=0, elements={
}

Java Threads: ( => current thread )

Other Threads:
  0x000001945a8d1a40 GCTaskThread "GC Thread#0" [stack: 0x0000001614000000,0x0000001614100000] [id=31708]
  0x000001945a8e33d0 ConcurrentGCThread "G1 Main Marker" [stack: 0x0000001614100000,0x0000001614200000] [id=4916]
  0x000001945a8e3df0 ConcurrentGCThread "G1 Conc#0" [stack: 0x0000001614200000,0x0000001614300000] [id=34572]

[error occurred during error reporting (printing all threads), id 0xc0000005, EXCEPTION_ACCESS_VIOLATION (0xc0000005) at pc=0x00007fff7a7813c7]

VM state: not at safepoint (not fully initialized)

VM Mutex/Monitor currently owned by a thread:  ([mutex/lock_event])
[0x000001945a85cc60] Heap_lock - owner thread: 0x000001945a861470

Heap address: 0x0000000404800000, size: 16312 MB, Compressed Oops mode: Zero based, Oop shift amount: 3

CDS archive(s) mapped at: [0x0000000000000000-0x0000000000000000-0x0000000000000000), size 0, SharedBaseAddress: 0x0000000800000000, ArchiveRelocationMode: 1.
Narrow klass base: 0x0000000000000000, Narrow klass shift: 0, Narrow klass range: 0x0

GC Precious Log:
<Empty>

Heap:
 garbage-first heap   total 0K, used 0K [0x0000000404800000, 0x0000000800000000)
  region size 8192K, 0 young (0K), 0 survivors (0K)
 Metaspace       used 0K, committed 0K, reserved 0K
  class space    used 0K, committed 0K, reserved 0K

Heap Regions: E=young(eden), S=young(survivor), O=old, HS=humongous(starts), HC=humongous(continues), CS=collection set, F=free, OA=open archive, CA=closed archive, TAMS=top-at-mark-start (previous, next)

Card table byte_map: [0x0000019470a90000,0x0000019472a70000] _byte_map_base: 0x000001946ea6c000

Marking Bits (Prev, Next): (CMBitMap*) 0x000001945a8d2060, (CMBitMap*) 0x000001945a8d20a0
 Prev Bits: [0x0000019400000000, 0x000001940fee0000)
 Next Bits: [0x000001940fee0000, 0x000001941fdc0000)

GC Heap History (0 events):
No events

Dll operation events (1 events):
Event: 0.006 Loaded shared library D:\Program Files\JetBrains\PyCharm 2021.3.3\jbr\bin\java.dll

Deoptimization events (0 events):
No events

Classes unloaded (0 events):
No events

Classes redefined (0 events):
No events

Internal exceptions (0 events):
No events

VM Operations (0 events):
No events

Events (0 events):
No events


Dynamic libraries:
0x00007ff6498b0000 - 0x00007ff6498ba000 	D:\Program Files\JetBrains\PyCharm 2021.3.3\jbr\bin\java.exe
0x00007ff85c1d0000 - 0x00007ff85c3e7000 	C:\WINDOWS\SYSTEM32\ntdll.dll
0x00007ff85b680000 - 0x00007ff85b744000 	C:\WINDOWS\System32\KERNEL32.DLL
0x00007ff859750000 - 0x00007ff859b0a000 	C:\WINDOWS\System32\KERNELBASE.dll
0x00007ff859d30000 - 0x00007ff859e41000 	C:\WINDOWS\System32\ucrtbase.dll
0x00007ff83de50000 - 0x00007ff83de67000 	D:\Program Files\JetBrains\PyCharm 2021.3.3\jbr\bin\jli.dll
0x00007ff85a0e0000 - 0x00007ff85a28e000 	C:\WINDOWS\System32\USER32.dll
0x00007ff859b40000 - 0x00007ff859b66000 	C:\WINDOWS\System32\win32u.dll
0x00007ff85b430000 - 0x00007ff85b459000 	C:\WINDOWS\System32\GDI32.dll
0x00007ff859c10000 - 0x00007ff859d2b000 	C:\WINDOWS\System32\gdi32full.dll
0x00007ff845bd0000 - 0x00007ff845e62000 	C:\WINDOWS\WinSxS\amd64_microsoft.windows.common-controls_6595b64144ccf1df_6.0.22621.4541_none_2710d1c57384c085\COMCTL32.dll
0x00007ff859b70000 - 0x00007ff859c0a000 	C:\WINDOWS\System32\msvcp_win.dll
0x00007ff838ac0000 - 0x00007ff838adb000 	D:\Program Files\JetBrains\PyCharm 2021.3.3\jbr\bin\VCRUNTIME140.dll
0x00007ff85a030000 - 0x00007ff85a0d7000 	C:\WINDOWS\System32\msvcrt.dll
0x00007ff85a310000 - 0x00007ff85a341000 	C:\WINDOWS\System32\IMM32.DLL
0x000000006d5a0000 - 0x000000006d5ad000 	C:\Program Files (x86)\360\360Safe\safemon\SafeWrapper.dll
0x00007ff85b7b0000 - 0x00007ff85b862000 	C:\WINDOWS\System32\ADVAPI32.dll
0x00007ff859ed0000 - 0x00007ff859f77000 	C:\WINDOWS\System32\sechost.dll
0x00007ff859b10000 - 0x00007ff859b38000 	C:\WINDOWS\System32\bcrypt.dll
0x00007ff85b300000 - 0x00007ff85b414000 	C:\WINDOWS\System32\RPCRT4.dll
0x00007fff92a80000 - 0x00007fff92b83000 	C:\Program Files (x86)\360\360Safe\safemon\libzdtp64.dll
0x00007ff85a600000 - 0x00007ff85ae78000 	C:\WINDOWS\System32\SHELL32.dll
0x00007ff85b750000 - 0x00007ff85b7ae000 	C:\WINDOWS\System32\SHLWAPI.dll
0x00007ff851dc0000 - 0x00007ff851dca000 	C:\WINDOWS\SYSTEM32\VERSION.dll
0x00007ff8479e0000 - 0x00007ff8479ec000 	D:\Program Files\JetBrains\PyCharm 2021.3.3\jbr\bin\vcruntime140_1.dll
0x00007ffff3f40000 - 0x00007ffff3fcd000 	D:\Program Files\JetBrains\PyCharm 2021.3.3\jbr\bin\msvcp140.dll
0x00007fff7a490000 - 0x00007fff7b112000 	D:\Program Files\JetBrains\PyCharm 2021.3.3\jbr\bin\server\jvm.dll
0x00007ff858320000 - 0x00007ff85836d000 	C:\WINDOWS\SYSTEM32\POWRPROF.dll
0x00007ff84eb10000 - 0x00007ff84eb44000 	C:\WINDOWS\SYSTEM32\WINMM.dll
0x00007ff855570000 - 0x00007ff855579000 	C:\WINDOWS\SYSTEM32\WSOCK32.dll
0x00007ff85a290000 - 0x00007ff85a301000 	C:\WINDOWS\System32\WS2_32.dll
0x00007ff8582d0000 - 0x00007ff8582e3000 	C:\WINDOWS\SYSTEM32\UMPDC.dll
0x00007ff858590000 - 0x00007ff8585a8000 	C:\WINDOWS\SYSTEM32\kernel.appcore.dll
0x00007ff84c9c0000 - 0x00007ff84c9ca000 	D:\Program Files\JetBrains\PyCharm 2021.3.3\jbr\bin\jimage.dll
0x00007ff856b00000 - 0x00007ff856d32000 	C:\WINDOWS\SYSTEM32\DBGHELP.DLL
0x00007ff85b8f0000 - 0x00007ff85bc7f000 	C:\WINDOWS\System32\combase.dll
0x00007ff85a520000 - 0x00007ff85a5f7000 	C:\WINDOWS\System32\OLEAUT32.dll
0x00007ff835090000 - 0x00007ff8350c2000 	C:\WINDOWS\SYSTEM32\dbgcore.DLL
0x00007ff859610000 - 0x00007ff85968b000 	C:\WINDOWS\System32\bcryptPrimitives.dll
0x00007ff83de20000 - 0x00007ff83de45000 	D:\Program Files\JetBrains\PyCharm 2021.3.3\jbr\bin\java.dll

dbghelp: loaded successfully - version: 4.0.5 - missing functions: none
symbol engine: initialized successfully - sym options: 0x614 - pdb path: .;D:\Program Files\JetBrains\PyCharm 2021.3.3\jbr\bin;C:\WINDOWS\SYSTEM32;C:\WINDOWS\WinSxS\amd64_microsoft.windows.common-controls_6595b64144ccf1df_6.0.22621.4541_none_2710d1c57384c085;C:\Program Files (x86)\360\360Safe\safemon;D:\Program Files\JetBrains\PyCharm 2021.3.3\jbr\bin\server

VM Arguments:
java_command: externalApp.nativessh.NativeSshAskPassApp Enter passphrase for key '/c/Users/12741/.ssh/id_rsa': 
java_class_path (initial): D:/Program Files/JetBrains/PyCharm 2021.3.3/lib/externalProcess-rt.jar
Launcher Type: SUN_STANDARD

[Global flags]
     intx CICompilerCount                          = 12                                        {product} {ergonomic}
     uint ConcGCThreads                            = 5                                         {product} {ergonomic}
     uint G1ConcRefinementThreads                  = 18                                        {product} {ergonomic}
   size_t G1HeapRegionSize                         = 8388608                                   {product} {ergonomic}
    uintx GCDrainStackTargetSize                   = 64                                        {product} {ergonomic}
   size_t InitialHeapSize                          = 1073741824                                {product} {ergonomic}
   size_t MarkStackSize                            = 4194304                                   {product} {ergonomic}
   size_t MaxHeapSize                              = 17104371712                               {product} {ergonomic}
   size_t MinHeapDeltaBytes                        = 8388608                                   {product} {ergonomic}
   size_t MinHeapSize                              = 8388608                                   {product} {ergonomic}
    uintx NonNMethodCodeHeapSize                   = 7602480                                {pd product} {ergonomic}
    uintx NonProfiledCodeHeapSize                  = 122027880                              {pd product} {ergonomic}
    uintx ProfiledCodeHeapSize                     = 122027880                              {pd product} {ergonomic}
    uintx ReservedCodeCacheSize                    = 251658240                              {pd product} {ergonomic}
     bool SegmentedCodeCache                       = true                                      {product} {ergonomic}
   size_t SoftMaxHeapSize                          = 17104371712                            {manageable} {ergonomic}
     bool UseCompressedClassPointers               = true                           {product lp64_product} {ergonomic}
     bool UseCompressedOops                        = true                           {product lp64_product} {ergonomic}
     bool UseG1GC                                  = true                                      {product} {ergonomic}
     bool UseLargePagesIndividualAllocation        = false                                  {pd product} {ergonomic}

Logging:
Log output configuration:
 #0: stdout all=warning uptime,level,tags
 #1: stderr all=off uptime,level,tags

Environment Variables:
JAVA_HOME=C:\Program Files\Java\jdk1.8.0_301
PATH=D:\Program Files\Git\mingw64\libexec\git-core;D:\Program Files\Git\mingw64\bin;D:\Program Files\Git\usr\bin;C:\Users\12741\bin;D:\ProgramData\anaconda3\envs\deeplearning;D:\ProgramData\anaconda3\envs\deeplearning\Library\mingw-w64\bin;D:\ProgramData\anaconda3\envs\deeplearning\Library\usr\bin;D:\ProgramData\anaconda3\envs\deeplearning\Library\bin;D:\ProgramData\anaconda3\envs\deeplearning\Scripts;D:\ProgramData\anaconda3\envs\deeplearning\bin;D:\ProgramData\anaconda3\condabin;C:\Program Files\Java\jdk1.8.0_301\bin;C:\Program Files (x86)\Common Files\Oracle\Java\javapath;C:\Windows\system32;C:\Windows;C:\Users\12741\AppData\Local\Google\Chrome\Application\chromedriver.exe;C:\Windows\System32\Wbem;C:\Windows\System32\WindowsPowerShell\v1.0;C:\Windows\System32\OpenSSH;C:\Program Files (x86)\NVIDIA Corporation\PhysX\Common;C:\Program Files\NVIDIA Corporation\NVIDIA NvDLISR;D:\ProgramData\anaconda3;D:\ProgramData\anaconda3\Scripts;D:\ProgramData\anaconda3\Library\mingw-w64\bin;D:\ProgramData\anaconda3\Library\usr\bin;D:\ProgramData\anaconda3\Library\bin;C:\WINDOWS\system32;C:\WINDOWS;C:\WINDOWS\System32\Wbem;C:\WINDOWS\System32\WindowsPowerShell\v1.0;C:\WINDOWS\System32\OpenSSH;C:\mingw64\bin;C:\Program Files\Java\jdk1.8.0_301\bin;D:\mongodb-6.0.13\bin;D:\Program Files\nodejs;D:\Program Files\nodejs\node.exe;D:\Program Files\nodejs\npm;D:\Program Files\nodejs\npm.cmd;D:\netcat-1.11;D:\hadoop-3.3.2\bin;D:\hadoop-3.3.2\sbin;D:\spark-3.3.2-bin-hadoop3-scala2.13\bin;D:\Windows Kits\10\Windows Performance Toolkit;D:\zookeeper\bin;D:\apktool;D:\Program Files\Git LFS;D:\;D:\Program Files\Git\cmd;C:\Users\12741\AppData\Local\Microsoft\WindowsApps;.;D:\Program Files\JetBrains\PyCharm 2021.3.3\bin;.;D:\Program Files\JetBrains\CLion 2021.3.4\bin;.;D:\Program Files (x86)\Nmap;D:\mongodb-6.0.13\bin;C:\Users\12741\AppData\Roaming\npm;D:\Users\12741\AppData\Local\Programs\Microsoft VS Code\bin
USERNAME=user
DISPLAY=:0.0
LC_ALL=en_US.UTF-8
TERM=xterm-256color
TMPDIR=C:\Users\12741\AppData\Local\Temp
OS=Windows_NT
PROCESSOR_IDENTIFIER=Intel64 Family 6 Model 151 Stepping 2, GenuineIntel
TMP=C:\Users\12741\AppData\Local\Temp
TEMP=C:\Users\12741\AppData\Local\Temp



Periodic native trim disabled

JNI global refs:
JNI global refs: 0, weak refs: 0

JNI global refs memory usage: 0, weak refs: 0

OOME stack traces (most recent first):
Classloader memory used:


---------------  S Y S T E M  ---------------

OS:
 Windows 11 , 64 bit Build 22621 (10.0.22621.4391)
OS uptime: 4 days 3:39 hours
Hyper-V role detected

CPU: total 24 (initial active 24) (12 cores per cpu, 2 threads per core) family 6 model 151 stepping 2 microcode 0x22, cx8, cmov, fxsr, ht, mmx, 3dnowpref, sse, sse2, sse3, ssse3, sse4.1, sse4.2, popcnt, lzcnt, tsc, tscinvbit, avx, avx2, aes, erms, clmul, bmi1, bmi2, adx, sha, fma, vzeroupper, clflush, clflushopt, clwb, hv
Processor Information for all 24 processors :
  Max Mhz: 3200, Current Mhz: 3200, Mhz Limit: 3200

Memory: 4k page, system-wide physical 65233M (38481M free)
TotalPageFile size 90774M (AvailPageFile size 139M)
current process WorkingSet (physical memory assigned to process): 14M, peak: 14M
current process commit charge ("private bytes"): 82M, peak: 1106M

vm_info: OpenJDK 64-Bit Server VM (17.0.10+8-b1207.12) for windows-amd64 JRE (17.0.10+8-b1207.12), built on 2024-03-15 by "builduser" with MS VC++ 16.10 / 16.11 (VS2019)

END.
